≡ƒöì FINAL TIMEOUT MIDDLEWARE VERIFICATION
=========================================

1. Γ£à Testing quick endpoint...
   SUCCESS: 200 - Quick endpoint completed instantly

2. ΓÅ│ Testing moderate endpoint (8s)...
   SUCCESS: 200 - Duration: 8018ms

3. ≡ƒÜ¿ Testing timeout endpoint (should timeout after 15s)...
   Γ£à SUCCESS: Server timeout after 15019ms with status 503
   Γ£à SUCCESS: Timeout middleware working correctly!

≡ƒÄë TIMEOUT MIDDLEWARE VERIFICATION COMPLETE!
Γ£à The middleware is working correctly:
   - Fast requests: Complete normally
   - Slow requests (8s): Complete with warning logs
   - Very slow requests (15s+): Terminated with 503 error
